Archive member included to satisfy reference by file (symbol)

c:/winavr-20100110/bin/../lib/gcc/avr/5.4.0/avr4\libgcc.a(_exit.o)
                              c:/winavr-20100110/bin/../lib/gcc/avr/5.4.0/../../../../avr/lib/avr4/crtatmega8515.o (exit)
c:/winavr-20100110/bin/../lib/gcc/avr/5.4.0/avr4\libgcc.a(_clear_bss.o)
                              main.o (__do_clear_bss)
c:/winavr-20100110/bin/../lib/gcc/avr/5.4.0/../../../../avr/lib/avr4\libc.a(strtol.o)
                              main.o (strtol)
c:/winavr-20100110/bin/../lib/gcc/avr/5.4.0/../../../../avr/lib/avr4\libc.a(atoi.o)
                              main.o (atoi)
c:/winavr-20100110/bin/../lib/gcc/avr/5.4.0/../../../../avr/lib/avr4\libc.a(isspace.o)
                              c:/winavr-20100110/bin/../lib/gcc/avr/5.4.0/../../../../avr/lib/avr4\libc.a(strtol.o) (isspace)
c:/winavr-20100110/bin/../lib/gcc/avr/5.4.0/../../../../avr/lib/avr4\libc.a(mul10.o)
                              c:/winavr-20100110/bin/../lib/gcc/avr/5.4.0/../../../../avr/lib/avr4\libc.a(atoi.o) (__mulhi_const_10)
c:/winavr-20100110/bin/../lib/gcc/avr/5.4.0/../../../../avr/lib/avr4\libc.a(errno.o)
                              c:/winavr-20100110/bin/../lib/gcc/avr/5.4.0/../../../../avr/lib/avr4\libc.a(strtol.o) (errno)
c:/winavr-20100110/bin/../lib/gcc/avr/5.4.0/../../../../avr/lib/avr4\libc.a(cty_isfalse.o)
                              c:/winavr-20100110/bin/../lib/gcc/avr/5.4.0/../../../../avr/lib/avr4\libc.a(isspace.o) (__ctype_isfalse)
c:/winavr-20100110/bin/../lib/gcc/avr/5.4.0/avr4\libgcc.a(_mulsi3.o)
                              c:/winavr-20100110/bin/../lib/gcc/avr/5.4.0/../../../../avr/lib/avr4\libc.a(strtol.o) (__mulsi3)
c:/winavr-20100110/bin/../lib/gcc/avr/5.4.0/avr4\libgcc.a(_udivmodsi4.o)
                              c:/winavr-20100110/bin/../lib/gcc/avr/5.4.0/../../../../avr/lib/avr4\libc.a(strtol.o) (__udivmodsi4)
c:/winavr-20100110/bin/../lib/gcc/avr/5.4.0/avr4\libgcc.a(_muluhisi3.o)
                              c:/winavr-20100110/bin/../lib/gcc/avr/5.4.0/avr4\libgcc.a(_mulsi3.o) (__muluhisi3)
c:/winavr-20100110/bin/../lib/gcc/avr/5.4.0/avr4\libgcc.a(_prologue.o)
                              c:/winavr-20100110/bin/../lib/gcc/avr/5.4.0/../../../../avr/lib/avr4\libc.a(strtol.o) (__prologue_saves__)
c:/winavr-20100110/bin/../lib/gcc/avr/5.4.0/avr4\libgcc.a(_epilogue.o)
                              c:/winavr-20100110/bin/../lib/gcc/avr/5.4.0/../../../../avr/lib/avr4\libc.a(strtol.o) (__epilogue_restores__)
c:/winavr-20100110/bin/../lib/gcc/avr/5.4.0/avr4\libgcc.a(_umulhisi3.o)
                              c:/winavr-20100110/bin/../lib/gcc/avr/5.4.0/avr4\libgcc.a(_muluhisi3.o) (__umulhisi3)

Allocating common symbols
Common symbol       size              file

flashWriteCycle     0xc               main.o
errno               0x2               c:/winavr-20100110/bin/../lib/gcc/avr/5.4.0/../../../../avr/lib/avr4\libc.a(errno.o)
flashChipIdBuffer   0x2               main.o
receivedBuffer      0x100             main.o
receivedChar        0x1               main.o
eepromBuffer        0x8               main.o
flashWriteWePin     0x1               main.o

Memory Configuration

Name             Origin             Length             Attributes
text             0x00000000         0x00002000         xr
data             0x00800060         0x0000ffa0         rw !x
eeprom           0x00810000         0x00010000         rw !x
fuse             0x00820000         0x00000002         rw !x
lock             0x00830000         0x00000400         rw !x
signature        0x00840000         0x00000400         rw !x
user_signatures  0x00850000         0x00000400         rw !x
*default*        0x00000000         0xffffffff

Linker script and memory map

LOAD c:/winavr-20100110/bin/../lib/gcc/avr/5.4.0/../../../../avr/lib/avr4/crtatmega8515.o
LOAD main.o
LOAD c:/winavr-20100110/bin/../lib/gcc/avr/5.4.0/../../../../avr/lib/avr4\libm.a
START GROUP
LOAD c:/winavr-20100110/bin/../lib/gcc/avr/5.4.0/avr4\libgcc.a
LOAD c:/winavr-20100110/bin/../lib/gcc/avr/5.4.0/../../../../avr/lib/avr4\libm.a
LOAD c:/winavr-20100110/bin/../lib/gcc/avr/5.4.0/../../../../avr/lib/avr4\libc.a
LOAD c:/winavr-20100110/bin/../lib/gcc/avr/5.4.0/../../../../avr/lib/avr4\libatmega8515.a
END GROUP
                0x00002000                __TEXT_REGION_LENGTH__ = DEFINED (__TEXT_REGION_LENGTH__)?__TEXT_REGION_LENGTH__:0x2000
                0x0000ffa0                __DATA_REGION_LENGTH__ = DEFINED (__DATA_REGION_LENGTH__)?__DATA_REGION_LENGTH__:0xffa0
                0x00010000                __EEPROM_REGION_LENGTH__ = DEFINED (__EEPROM_REGION_LENGTH__)?__EEPROM_REGION_LENGTH__:0x10000
                [0x00000002]                __FUSE_REGION_LENGTH__ = DEFINED (__FUSE_REGION_LENGTH__)?__FUSE_REGION_LENGTH__:0x400
                0x00000400                __LOCK_REGION_LENGTH__ = DEFINED (__LOCK_REGION_LENGTH__)?__LOCK_REGION_LENGTH__:0x400
                0x00000400                __SIGNATURE_REGION_LENGTH__ = DEFINED (__SIGNATURE_REGION_LENGTH__)?__SIGNATURE_REGION_LENGTH__:0x400
                0x00000400                __USER_SIGNATURE_REGION_LENGTH__ = DEFINED (__USER_SIGNATURE_REGION_LENGTH__)?__USER_SIGNATURE_REGION_LENGTH__:0x400

.hash
 *(.hash)

.dynsym
 *(.dynsym)

.dynstr
 *(.dynstr)

.gnu.version
 *(.gnu.version)

.gnu.version_d
 *(.gnu.version_d)

.gnu.version_r
 *(.gnu.version_r)

.rel.init
 *(.rel.init)

.rela.init
 *(.rela.init)

.rel.text
 *(.rel.text)
 *(.rel.text.*)
 *(.rel.gnu.linkonce.t*)

.rela.text
 *(.rela.text)
 *(.rela.text.*)
 *(.rela.gnu.linkonce.t*)

.rel.fini
 *(.rel.fini)

.rela.fini
 *(.rela.fini)

.rel.rodata
 *(.rel.rodata)
 *(.rel.rodata.*)
 *(.rel.gnu.linkonce.r*)

.rela.rodata
 *(.rela.rodata)
 *(.rela.rodata.*)
 *(.rela.gnu.linkonce.r*)

.rel.data
 *(.rel.data)
 *(.rel.data.*)
 *(.rel.gnu.linkonce.d*)

.rela.data
 *(.rela.data)
 *(.rela.data.*)
 *(.rela.gnu.linkonce.d*)

.rel.ctors
 *(.rel.ctors)

.rela.ctors
 *(.rela.ctors)

.rel.dtors
 *(.rel.dtors)

.rela.dtors
 *(.rela.dtors)

.rel.got
 *(.rel.got)

.rela.got
 *(.rela.got)

.rel.bss
 *(.rel.bss)

.rela.bss
 *(.rela.bss)

.rel.plt
 *(.rel.plt)

.rela.plt
 *(.rela.plt)

.text           0x00000000     0x1616
 *(.vectors)
 .vectors       0x00000000       0x22 c:/winavr-20100110/bin/../lib/gcc/avr/5.4.0/../../../../avr/lib/avr4/crtatmega8515.o
                0x00000000                __vector_default
                0x00000000                __vectors
 *(.vectors)
 *(.progmem.gcc*)
                0x00000022                . = ALIGN (0x2)
                0x00000022                __trampolines_start = .
 *(.trampolines)
 .trampolines   0x00000022        0x0 linker stubs
 *(.trampolines*)
                0x00000022                __trampolines_end = .
 *libprintf_flt.a:*(.progmem.data)
 *libc.a:*(.progmem.data)
 *(.progmem*)
                0x00000022                . = ALIGN (0x2)
 *(.jumptables)
 *(.jumptables*)
 *(.lowtext)
 *(.lowtext*)
                0x00000022                __ctors_start = .
 *(.ctors)
                0x00000022                __ctors_end = .
                0x00000022                __dtors_start = .
 *(.dtors)
                0x00000022                __dtors_end = .
 SORT(*)(.ctors)
 SORT(*)(.dtors)
 *(.init0)
 .init0         0x00000022        0x0 c:/winavr-20100110/bin/../lib/gcc/avr/5.4.0/../../../../avr/lib/avr4/crtatmega8515.o
                0x00000022                __init
 *(.init0)
 *(.init1)
 *(.init1)
 *(.init2)
 .init2         0x00000022        0xc c:/winavr-20100110/bin/../lib/gcc/avr/5.4.0/../../../../avr/lib/avr4/crtatmega8515.o
 *(.init2)
 *(.init3)
 *(.init3)
 *(.init4)
 .init4         0x0000002e       0x10 c:/winavr-20100110/bin/../lib/gcc/avr/5.4.0/avr4\libgcc.a(_clear_bss.o)
                0x0000002e                __do_clear_bss
 *(.init4)
 *(.init5)
 *(.init5)
 *(.init6)
 *(.init6)
 *(.init7)
 *(.init7)
 *(.init8)
 *(.init8)
 *(.init9)
 .init9         0x0000003e        0x4 c:/winavr-20100110/bin/../lib/gcc/avr/5.4.0/../../../../avr/lib/avr4/crtatmega8515.o
 *(.init9)
 *(.text)
 .text          0x00000042        0x2 c:/winavr-20100110/bin/../lib/gcc/avr/5.4.0/../../../../avr/lib/avr4/crtatmega8515.o
                0x00000042                __vector_1
                0x00000042                __vector_12
                0x00000042                __bad_interrupt
                0x00000042                __vector_6
                0x00000042                __vector_3
                0x00000042                __vector_11
                0x00000042                __vector_13
                0x00000042                __vector_7
                0x00000042                __vector_5
                0x00000042                __vector_4
                0x00000042                __vector_9
                0x00000042                __vector_2
                0x00000042                __vector_15
                0x00000042                __vector_8
                0x00000042                __vector_14
                0x00000042                __vector_10
                0x00000042                __vector_16
 .text          0x00000044      0x6e2 main.o
                0x00000044                USART_Receive
                0x0000004c                USART_Transmit
                0x00000054                usart_read_bytes
                0x0000007e                usart_read_chars
                0x00000094                rd_wr_csmreq_cs2_reset
                0x0000009e                gb_mode
                0x000000ae                set_16bit_address
                0x000000b4                read_8bit_data
                0x000000c6                write_8bit_data
                0x000000f2                gba_mode
                0x00000102                gba_set_24bit_address
                0x0000012e                gba_read_16bit_data
                0x0000014c                gba_read_ram_8bit_data
                0x0000015e                gba_write_ram_8bit_data
                0x0000017e                gba_eeprom_mode
                0x00000190                gba_eeprom_set_address
                0x000001f8                gba_eeprom_read
                0x00000252                gba_eeprom_write
                0x000002a6                flash_write_bus_cycle
                0x000002c0                flash_read_chip_id
                0x0000032a                flash_switch_bank
                0x00000350                flash_erase_4k_sector
                0x00000398                flash_write_byte
                0x000003d0                flash_write_sector
                0x0000043c                gb_flash_read_byte
                0x0000044e                gb_flash_write_bus_cycle
                0x00000480                gb_flash_write_byte
                0x000004e4                gb_flash_write_byte_bank1_commands
                0x00000578                gba_flash_write_bus_cycle
                0x000005a8                gba_flash_write_cycle_start_swapped
                0x00000608                gba_flash_write_cycle_start
                0x00000664                gba_flash_write_byte
                0x000006ba                setup
 .text          0x00000726        0x0 c:/winavr-20100110/bin/../lib/gcc/avr/5.4.0/avr4\libgcc.a(_exit.o)
 .text          0x00000726        0x0 c:/winavr-20100110/bin/../lib/gcc/avr/5.4.0/avr4\libgcc.a(_clear_bss.o)
 .text          0x00000726        0x0 c:/winavr-20100110/bin/../lib/gcc/avr/5.4.0/../../../../avr/lib/avr4\libc.a(strtol.o)
 .text          0x00000726        0x0 c:/winavr-20100110/bin/../lib/gcc/avr/5.4.0/../../../../avr/lib/avr4\libc.a(atoi.o)
 .text          0x00000726        0x0 c:/winavr-20100110/bin/../lib/gcc/avr/5.4.0/../../../../avr/lib/avr4\libc.a(isspace.o)
 .text          0x00000726        0x0 c:/winavr-20100110/bin/../lib/gcc/avr/5.4.0/../../../../avr/lib/avr4\libc.a(mul10.o)
 .text          0x00000726        0x0 c:/winavr-20100110/bin/../lib/gcc/avr/5.4.0/../../../../avr/lib/avr4\libc.a(errno.o)
 .text          0x00000726        0x0 c:/winavr-20100110/bin/../lib/gcc/avr/5.4.0/../../../../avr/lib/avr4\libc.a(cty_isfalse.o)
 .text          0x00000726        0x0 c:/winavr-20100110/bin/../lib/gcc/avr/5.4.0/avr4\libgcc.a(_mulsi3.o)
 .text          0x00000726        0x0 c:/winavr-20100110/bin/../lib/gcc/avr/5.4.0/avr4\libgcc.a(_udivmodsi4.o)
 .text          0x00000726        0x0 c:/winavr-20100110/bin/../lib/gcc/avr/5.4.0/avr4\libgcc.a(_muluhisi3.o)
 .text          0x00000726        0x0 c:/winavr-20100110/bin/../lib/gcc/avr/5.4.0/avr4\libgcc.a(_prologue.o)
 .text          0x00000726        0x0 c:/winavr-20100110/bin/../lib/gcc/avr/5.4.0/avr4\libgcc.a(_epilogue.o)
 .text          0x00000726        0x0 c:/winavr-20100110/bin/../lib/gcc/avr/5.4.0/avr4\libgcc.a(_umulhisi3.o)
                0x00000726                . = ALIGN (0x2)
 *(.text.*)
 .text.startup  0x00000726      0xb6e main.o
                0x00000726                main
 .text.libgcc.mul
                0x00001294        0x0 c:/winavr-20100110/bin/../lib/gcc/avr/5.4.0/avr4\libgcc.a(_exit.o)
 .text.libgcc.div
                0x00001294        0x0 c:/winavr-20100110/bin/../lib/gcc/avr/5.4.0/avr4\libgcc.a(_exit.o)
 .text.libgcc   0x00001294        0x0 c:/winavr-20100110/bin/../lib/gcc/avr/5.4.0/avr4\libgcc.a(_exit.o)
 .text.libgcc.prologue
                0x00001294        0x0 c:/winavr-20100110/bin/../lib/gcc/avr/5.4.0/avr4\libgcc.a(_exit.o)
 .text.libgcc.builtins
                0x00001294        0x0 c:/winavr-20100110/bin/../lib/gcc/avr/5.4.0/avr4\libgcc.a(_exit.o)
 .text.libgcc.fmul
                0x00001294        0x0 c:/winavr-20100110/bin/../lib/gcc/avr/5.4.0/avr4\libgcc.a(_exit.o)
 .text.libgcc.fixed
                0x00001294        0x0 c:/winavr-20100110/bin/../lib/gcc/avr/5.4.0/avr4\libgcc.a(_exit.o)
 .text.libgcc.mul
                0x00001294        0x0 c:/winavr-20100110/bin/../lib/gcc/avr/5.4.0/avr4\libgcc.a(_clear_bss.o)
 .text.libgcc.div
                0x00001294        0x0 c:/winavr-20100110/bin/../lib/gcc/avr/5.4.0/avr4\libgcc.a(_clear_bss.o)
 .text.libgcc   0x00001294        0x0 c:/winavr-20100110/bin/../lib/gcc/avr/5.4.0/avr4\libgcc.a(_clear_bss.o)
 .text.libgcc.prologue
                0x00001294        0x0 c:/winavr-20100110/bin/../lib/gcc/avr/5.4.0/avr4\libgcc.a(_clear_bss.o)
 .text.libgcc.builtins
                0x00001294        0x0 c:/winavr-20100110/bin/../lib/gcc/avr/5.4.0/avr4\libgcc.a(_clear_bss.o)
 .text.libgcc.fmul
                0x00001294        0x0 c:/winavr-20100110/bin/../lib/gcc/avr/5.4.0/avr4\libgcc.a(_clear_bss.o)
 .text.libgcc.fixed
                0x00001294        0x0 c:/winavr-20100110/bin/../lib/gcc/avr/5.4.0/avr4\libgcc.a(_clear_bss.o)
 .text.avr-libc
                0x00001294      0x222 c:/winavr-20100110/bin/../lib/gcc/avr/5.4.0/../../../../avr/lib/avr4\libc.a(strtol.o)
                0x00001294                strtol
 .text.avr-libc
                0x000014b6       0x3a c:/winavr-20100110/bin/../lib/gcc/avr/5.4.0/../../../../avr/lib/avr4\libc.a(atoi.o)
                0x000014b6                atoi
 .text.avr-libc
                0x000014f0       0x10 c:/winavr-20100110/bin/../lib/gcc/avr/5.4.0/../../../../avr/lib/avr4\libc.a(isspace.o)
                0x000014f0                isspace
 .text.avr-libc
                0x00001500       0x10 c:/winavr-20100110/bin/../lib/gcc/avr/5.4.0/../../../../avr/lib/avr4\libc.a(mul10.o)
                0x00001500                __mulhi_const_10
 .text.avr-libc
                0x00001510        0x6 c:/winavr-20100110/bin/../lib/gcc/avr/5.4.0/../../../../avr/lib/avr4\libc.a(cty_isfalse.o)
                0x00001510                __ctype_isfalse
                0x00001514                __ctype_istrue
 .text.libgcc.mul
                0x00001516       0x1e c:/winavr-20100110/bin/../lib/gcc/avr/5.4.0/avr4\libgcc.a(_mulsi3.o)
                0x00001516                __mulsi3
 .text.libgcc.div
                0x00001534        0x0 c:/winavr-20100110/bin/../lib/gcc/avr/5.4.0/avr4\libgcc.a(_mulsi3.o)
 .text.libgcc   0x00001534        0x0 c:/winavr-20100110/bin/../lib/gcc/avr/5.4.0/avr4\libgcc.a(_mulsi3.o)
 .text.libgcc.prologue
                0x00001534        0x0 c:/winavr-20100110/bin/../lib/gcc/avr/5.4.0/avr4\libgcc.a(_mulsi3.o)
 .text.libgcc.builtins
                0x00001534        0x0 c:/winavr-20100110/bin/../lib/gcc/avr/5.4.0/avr4\libgcc.a(_mulsi3.o)
 .text.libgcc.fmul
                0x00001534        0x0 c:/winavr-20100110/bin/../lib/gcc/avr/5.4.0/avr4\libgcc.a(_mulsi3.o)
 .text.libgcc.fixed
                0x00001534        0x0 c:/winavr-20100110/bin/../lib/gcc/avr/5.4.0/avr4\libgcc.a(_mulsi3.o)
 .text.libgcc.mul
                0x00001534        0x0 c:/winavr-20100110/bin/../lib/gcc/avr/5.4.0/avr4\libgcc.a(_udivmodsi4.o)
 .text.libgcc.div
                0x00001534       0x44 c:/winavr-20100110/bin/../lib/gcc/avr/5.4.0/avr4\libgcc.a(_udivmodsi4.o)
                0x00001534                __udivmodsi4
 .text.libgcc   0x00001578        0x0 c:/winavr-20100110/bin/../lib/gcc/avr/5.4.0/avr4\libgcc.a(_udivmodsi4.o)
 .text.libgcc.prologue
                0x00001578        0x0 c:/winavr-20100110/bin/../lib/gcc/avr/5.4.0/avr4\libgcc.a(_udivmodsi4.o)
 .text.libgcc.builtins
                0x00001578        0x0 c:/winavr-20100110/bin/../lib/gcc/avr/5.4.0/avr4\libgcc.a(_udivmodsi4.o)
 .text.libgcc.fmul
                0x00001578        0x0 c:/winavr-20100110/bin/../lib/gcc/avr/5.4.0/avr4\libgcc.a(_udivmodsi4.o)
 .text.libgcc.fixed
                0x00001578        0x0 c:/winavr-20100110/bin/../lib/gcc/avr/5.4.0/avr4\libgcc.a(_udivmodsi4.o)
 .text.libgcc.mul
                0x00001578       0x14 c:/winavr-20100110/bin/../lib/gcc/avr/5.4.0/avr4\libgcc.a(_muluhisi3.o)
                0x00001578                __muluhisi3
 .text.libgcc.div
                0x0000158c        0x0 c:/winavr-20100110/bin/../lib/gcc/avr/5.4.0/avr4\libgcc.a(_muluhisi3.o)
 .text.libgcc   0x0000158c        0x0 c:/winavr-20100110/bin/../lib/gcc/avr/5.4.0/avr4\libgcc.a(_muluhisi3.o)
 .text.libgcc.prologue
                0x0000158c        0x0 c:/winavr-20100110/bin/../lib/gcc/avr/5.4.0/avr4\libgcc.a(_muluhisi3.o)
 .text.libgcc.builtins
                0x0000158c        0x0 c:/winavr-20100110/bin/../lib/gcc/avr/5.4.0/avr4\libgcc.a(_muluhisi3.o)
 .text.libgcc.fmul
                0x0000158c        0x0 c:/winavr-20100110/bin/../lib/gcc/avr/5.4.0/avr4\libgcc.a(_muluhisi3.o)
 .text.libgcc.fixed
                0x0000158c        0x0 c:/winavr-20100110/bin/../lib/gcc/avr/5.4.0/avr4\libgcc.a(_muluhisi3.o)
 .text.libgcc.mul
                0x0000158c        0x0 c:/winavr-20100110/bin/../lib/gcc/avr/5.4.0/avr4\libgcc.a(_prologue.o)
 .text.libgcc.div
                0x0000158c        0x0 c:/winavr-20100110/bin/../lib/gcc/avr/5.4.0/avr4\libgcc.a(_prologue.o)
 .text.libgcc   0x0000158c        0x0 c:/winavr-20100110/bin/../lib/gcc/avr/5.4.0/avr4\libgcc.a(_prologue.o)
 .text.libgcc.prologue
                0x0000158c       0x38 c:/winavr-20100110/bin/../lib/gcc/avr/5.4.0/avr4\libgcc.a(_prologue.o)
                0x0000158c                __prologue_saves__
 .text.libgcc.builtins
                0x000015c4        0x0 c:/winavr-20100110/bin/../lib/gcc/avr/5.4.0/avr4\libgcc.a(_prologue.o)
 .text.libgcc.fmul
                0x000015c4        0x0 c:/winavr-20100110/bin/../lib/gcc/avr/5.4.0/avr4\libgcc.a(_prologue.o)
 .text.libgcc.fixed
                0x000015c4        0x0 c:/winavr-20100110/bin/../lib/gcc/avr/5.4.0/avr4\libgcc.a(_prologue.o)
 .text.libgcc.mul
                0x000015c4        0x0 c:/winavr-20100110/bin/../lib/gcc/avr/5.4.0/avr4\libgcc.a(_epilogue.o)
 .text.libgcc.div
                0x000015c4        0x0 c:/winavr-20100110/bin/../lib/gcc/avr/5.4.0/avr4\libgcc.a(_epilogue.o)
 .text.libgcc   0x000015c4        0x0 c:/winavr-20100110/bin/../lib/gcc/avr/5.4.0/avr4\libgcc.a(_epilogue.o)
 .text.libgcc.prologue
                0x000015c4       0x36 c:/winavr-20100110/bin/../lib/gcc/avr/5.4.0/avr4\libgcc.a(_epilogue.o)
                0x000015c4                __epilogue_restores__
 .text.libgcc.builtins
                0x000015fa        0x0 c:/winavr-20100110/bin/../lib/gcc/avr/5.4.0/avr4\libgcc.a(_epilogue.o)
 .text.libgcc.fmul
                0x000015fa        0x0 c:/winavr-20100110/bin/../lib/gcc/avr/5.4.0/avr4\libgcc.a(_epilogue.o)
 .text.libgcc.fixed
                0x000015fa        0x0 c:/winavr-20100110/bin/../lib/gcc/avr/5.4.0/avr4\libgcc.a(_epilogue.o)
 .text.libgcc.mul
                0x000015fa       0x18 c:/winavr-20100110/bin/../lib/gcc/avr/5.4.0/avr4\libgcc.a(_umulhisi3.o)
                0x000015fa                __umulhisi3
 .text.libgcc.div
                0x00001612        0x0 c:/winavr-20100110/bin/../lib/gcc/avr/5.4.0/avr4\libgcc.a(_umulhisi3.o)
 .text.libgcc   0x00001612        0x0 c:/winavr-20100110/bin/../lib/gcc/avr/5.4.0/avr4\libgcc.a(_umulhisi3.o)
 .text.libgcc.prologue
                0x00001612        0x0 c:/winavr-20100110/bin/../lib/gcc/avr/5.4.0/avr4\libgcc.a(_umulhisi3.o)
 .text.libgcc.builtins
                0x00001612        0x0 c:/winavr-20100110/bin/../lib/gcc/avr/5.4.0/avr4\libgcc.a(_umulhisi3.o)
 .text.libgcc.fmul
                0x00001612        0x0 c:/winavr-20100110/bin/../lib/gcc/avr/5.4.0/avr4\libgcc.a(_umulhisi3.o)
 .text.libgcc.fixed
                0x00001612        0x0 c:/winavr-20100110/bin/../lib/gcc/avr/5.4.0/avr4\libgcc.a(_umulhisi3.o)
                0x00001612                . = ALIGN (0x2)
 *(.fini9)
 .fini9         0x00001612        0x0 c:/winavr-20100110/bin/../lib/gcc/avr/5.4.0/avr4\libgcc.a(_exit.o)
                0x00001612                _exit
                0x00001612                exit
 *(.fini9)
 *(.fini8)
 *(.fini8)
 *(.fini7)
 *(.fini7)
 *(.fini6)
 *(.fini6)
 *(.fini5)
 *(.fini5)
 *(.fini4)
 *(.fini4)
 *(.fini3)
 *(.fini3)
 *(.fini2)
 *(.fini2)
 *(.fini1)
 *(.fini1)
 *(.fini0)
 .fini0         0x00001612        0x4 c:/winavr-20100110/bin/../lib/gcc/avr/5.4.0/avr4\libgcc.a(_exit.o)
 *(.fini0)
                0x00001616                _etext = .

.data           0x00800060        0x0 load address 0x00001616
                [!provide]                PROVIDE (__data_start, .)
 *(.data)
 .data          0x00800060        0x0 c:/winavr-20100110/bin/../lib/gcc/avr/5.4.0/../../../../avr/lib/avr4/crtatmega8515.o
 .data          0x00800060        0x0 main.o
 .data          0x00800060        0x0 c:/winavr-20100110/bin/../lib/gcc/avr/5.4.0/avr4\libgcc.a(_exit.o)
 .data          0x00800060        0x0 c:/winavr-20100110/bin/../lib/gcc/avr/5.4.0/avr4\libgcc.a(_clear_bss.o)
 .data          0x00800060        0x0 c:/winavr-20100110/bin/../lib/gcc/avr/5.4.0/../../../../avr/lib/avr4\libc.a(strtol.o)
 .data          0x00800060        0x0 c:/winavr-20100110/bin/../lib/gcc/avr/5.4.0/../../../../avr/lib/avr4\libc.a(atoi.o)
 .data          0x00800060        0x0 c:/winavr-20100110/bin/../lib/gcc/avr/5.4.0/../../../../avr/lib/avr4\libc.a(isspace.o)
 .data          0x00800060        0x0 c:/winavr-20100110/bin/../lib/gcc/avr/5.4.0/../../../../avr/lib/avr4\libc.a(mul10.o)
 .data          0x00800060        0x0 c:/winavr-20100110/bin/../lib/gcc/avr/5.4.0/../../../../avr/lib/avr4\libc.a(errno.o)
 .data          0x00800060        0x0 c:/winavr-20100110/bin/../lib/gcc/avr/5.4.0/../../../../avr/lib/avr4\libc.a(cty_isfalse.o)
 .data          0x00800060        0x0 c:/winavr-20100110/bin/../lib/gcc/avr/5.4.0/avr4\libgcc.a(_mulsi3.o)
 .data          0x00800060        0x0 c:/winavr-20100110/bin/../lib/gcc/avr/5.4.0/avr4\libgcc.a(_udivmodsi4.o)
 .data          0x00800060        0x0 c:/winavr-20100110/bin/../lib/gcc/avr/5.4.0/avr4\libgcc.a(_muluhisi3.o)
 .data          0x00800060        0x0 c:/winavr-20100110/bin/../lib/gcc/avr/5.4.0/avr4\libgcc.a(_prologue.o)
 .data          0x00800060        0x0 c:/winavr-20100110/bin/../lib/gcc/avr/5.4.0/avr4\libgcc.a(_epilogue.o)
 .data          0x00800060        0x0 c:/winavr-20100110/bin/../lib/gcc/avr/5.4.0/avr4\libgcc.a(_umulhisi3.o)
 *(.data*)
 *(.gnu.linkonce.d*)
 *(.rodata)
 *(.rodata*)
 *(.gnu.linkonce.r*)
                0x00800060                . = ALIGN (0x2)
                0x00800060                _edata = .
                [!provide]                PROVIDE (__data_end, .)

.bss            0x00800060      0x11c
                0x00800060                PROVIDE (__bss_start, .)
 *(.bss)
 .bss           0x00800060        0x0 c:/winavr-20100110/bin/../lib/gcc/avr/5.4.0/../../../../avr/lib/avr4/crtatmega8515.o
 .bss           0x00800060        0x2 main.o
                0x00800060                lastBankAccessed
                0x00800061                flashBank1CommandWrites
 .bss           0x00800062        0x0 c:/winavr-20100110/bin/../lib/gcc/avr/5.4.0/avr4\libgcc.a(_exit.o)
 .bss           0x00800062        0x0 c:/winavr-20100110/bin/../lib/gcc/avr/5.4.0/avr4\libgcc.a(_clear_bss.o)
 .bss           0x00800062        0x0 c:/winavr-20100110/bin/../lib/gcc/avr/5.4.0/../../../../avr/lib/avr4\libc.a(strtol.o)
 .bss           0x00800062        0x0 c:/winavr-20100110/bin/../lib/gcc/avr/5.4.0/../../../../avr/lib/avr4\libc.a(atoi.o)
 .bss           0x00800062        0x0 c:/winavr-20100110/bin/../lib/gcc/avr/5.4.0/../../../../avr/lib/avr4\libc.a(isspace.o)
 .bss           0x00800062        0x0 c:/winavr-20100110/bin/../lib/gcc/avr/5.4.0/../../../../avr/lib/avr4\libc.a(mul10.o)
 .bss           0x00800062        0x0 c:/winavr-20100110/bin/../lib/gcc/avr/5.4.0/../../../../avr/lib/avr4\libc.a(errno.o)
 .bss           0x00800062        0x0 c:/winavr-20100110/bin/../lib/gcc/avr/5.4.0/../../../../avr/lib/avr4\libc.a(cty_isfalse.o)
 .bss           0x00800062        0x0 c:/winavr-20100110/bin/../lib/gcc/avr/5.4.0/avr4\libgcc.a(_mulsi3.o)
 .bss           0x00800062        0x0 c:/winavr-20100110/bin/../lib/gcc/avr/5.4.0/avr4\libgcc.a(_udivmodsi4.o)
 .bss           0x00800062        0x0 c:/winavr-20100110/bin/../lib/gcc/avr/5.4.0/avr4\libgcc.a(_muluhisi3.o)
 .bss           0x00800062        0x0 c:/winavr-20100110/bin/../lib/gcc/avr/5.4.0/avr4\libgcc.a(_prologue.o)
 .bss           0x00800062        0x0 c:/winavr-20100110/bin/../lib/gcc/avr/5.4.0/avr4\libgcc.a(_epilogue.o)
 .bss           0x00800062        0x0 c:/winavr-20100110/bin/../lib/gcc/avr/5.4.0/avr4\libgcc.a(_umulhisi3.o)
 *(.bss*)
 *(COMMON)
 COMMON         0x00800062      0x118 main.o
                0x00800062                flashWriteCycle
                0x0080006e                flashChipIdBuffer
                0x00800070                receivedBuffer
                0x00800170                receivedChar
                0x00800171                eepromBuffer
                0x00800179                flashWriteWePin
 COMMON         0x0080017a        0x2 c:/winavr-20100110/bin/../lib/gcc/avr/5.4.0/../../../../avr/lib/avr4\libc.a(errno.o)
                0x0080017a                errno
                0x0080017c                PROVIDE (__bss_end, .)
                0x00001616                __data_load_start = LOADADDR (.data)
                0x00001616                __data_load_end = (__data_load_start + SIZEOF (.data))

.noinit         0x0080017c        0x0
                [!provide]                PROVIDE (__noinit_start, .)
 *(.noinit*)
                [!provide]                PROVIDE (__noinit_end, .)
                0x0080017c                _end = .
                [!provide]                PROVIDE (__heap_start, .)

.eeprom         0x00810000        0x0
 *(.eeprom*)
                0x00810000                __eeprom_end = .

.fuse
 *(.fuse)
 *(.lfuse)
 *(.hfuse)
 *(.efuse)

.lock
 *(.lock*)

.signature
 *(.signature*)

.user_signatures
 *(.user_signatures*)

.stab
 *(.stab)

.stabstr
 *(.stabstr)

.stab.excl
 *(.stab.excl)

.stab.exclstr
 *(.stab.exclstr)

.stab.index
 *(.stab.index)

.stab.indexstr
 *(.stab.indexstr)

.comment        0x00000000       0x5c
 *(.comment)
 .comment       0x00000000       0x30 main.o
                                 0x31 (size before relaxing)
 .comment       0x00000030       0x31 c:/winavr-20100110/bin/../lib/gcc/avr/5.4.0/../../../../avr/lib/avr4\libc.a(strtol.o)
 .comment       0x00000030       0x2c c:/winavr-20100110/bin/../lib/gcc/avr/5.4.0/../../../../avr/lib/avr4\libc.a(errno.o)
                                 0x2d (size before relaxing)

.note.gnu.avr.deviceinfo
                0x00000000       0x40
 .note.gnu.avr.deviceinfo
                0x00000000       0x40 c:/winavr-20100110/bin/../lib/gcc/avr/5.4.0/../../../../avr/lib/avr4/crtatmega8515.o

.note.gnu.build-id
 *(.note.gnu.build-id)

.debug
 *(.debug)

.line
 *(.line)

.debug_srcinfo
 *(.debug_srcinfo)

.debug_sfnames
 *(.debug_sfnames)

.debug_aranges  0x00000000       0x28
 *(.debug_aranges)
 .debug_aranges
                0x00000000       0x28 main.o

.debug_pubnames
 *(.debug_pubnames)

.debug_info     0x00000000     0x3036
 *(.debug_info .gnu.linkonce.wi.*)
 .debug_info    0x00000000      0x3ea c:/winavr-20100110/bin/../lib/gcc/avr/5.4.0/../../../../avr/lib/avr4/crtatmega8515.o
 .debug_info    0x000003ea     0x2c4c main.o

.debug_abbrev   0x00000000      0x6ed
 *(.debug_abbrev)
 .debug_abbrev  0x00000000      0x3b5 c:/winavr-20100110/bin/../lib/gcc/avr/5.4.0/../../../../avr/lib/avr4/crtatmega8515.o
 .debug_abbrev  0x000003b5      0x338 main.o

.debug_line     0x00000000     0x1726
 *(.debug_line .debug_line.* .debug_line_end)
 .debug_line    0x00000000       0x1a c:/winavr-20100110/bin/../lib/gcc/avr/5.4.0/../../../../avr/lib/avr4/crtatmega8515.o
 .debug_line    0x0000001a     0x170c main.o

.debug_frame    0x00000000      0x340
 *(.debug_frame)
 .debug_frame   0x00000000      0x340 main.o

.debug_str      0x00000000      0x685
 *(.debug_str)
 .debug_str     0x00000000      0x149 c:/winavr-20100110/bin/../lib/gcc/avr/5.4.0/../../../../avr/lib/avr4/crtatmega8515.o
 .debug_str     0x00000149      0x53c main.o
                                0x5d0 (size before relaxing)

.debug_loc      0x00000000     0x22a8
 *(.debug_loc)
 .debug_loc     0x00000000     0x22a8 main.o

.debug_macinfo
 *(.debug_macinfo)

.debug_weaknames
 *(.debug_weaknames)

.debug_funcnames
 *(.debug_funcnames)

.debug_typenames
 *(.debug_typenames)

.debug_varnames
 *(.debug_varnames)

.debug_pubtypes
 *(.debug_pubtypes)

.debug_ranges   0x00000000       0xa8
 *(.debug_ranges)
 .debug_ranges  0x00000000       0xa8 main.o

.debug_macro
 *(.debug_macro)
OUTPUT(main.elf elf32-avr)
LOAD linker stubs

Cross Reference Table

Symbol                                            File
USART_Receive                                     main.o
USART_Transmit                                    main.o
__FUSE_REGION_LENGTH__                            c:/winavr-20100110/bin/../lib/gcc/avr/5.4.0/../../../../avr/lib/avr4/crtatmega8515.o
__bad_interrupt                                   c:/winavr-20100110/bin/../lib/gcc/avr/5.4.0/../../../../avr/lib/avr4/crtatmega8515.o
__bss_end                                         c:/winavr-20100110/bin/../lib/gcc/avr/5.4.0/avr4\libgcc.a(_clear_bss.o)
__bss_start                                       c:/winavr-20100110/bin/../lib/gcc/avr/5.4.0/avr4\libgcc.a(_clear_bss.o)
__ctype_isfalse                                   c:/winavr-20100110/bin/../lib/gcc/avr/5.4.0/../../../../avr/lib/avr4\libc.a(cty_isfalse.o)
                                                  c:/winavr-20100110/bin/../lib/gcc/avr/5.4.0/../../../../avr/lib/avr4\libc.a(isspace.o)
__ctype_istrue                                    c:/winavr-20100110/bin/../lib/gcc/avr/5.4.0/../../../../avr/lib/avr4\libc.a(cty_isfalse.o)
__do_clear_bss                                    c:/winavr-20100110/bin/../lib/gcc/avr/5.4.0/avr4\libgcc.a(_clear_bss.o)
                                                  c:/winavr-20100110/bin/../lib/gcc/avr/5.4.0/../../../../avr/lib/avr4\libc.a(errno.o)
                                                  main.o
__epilogue_restores__                             c:/winavr-20100110/bin/../lib/gcc/avr/5.4.0/avr4\libgcc.a(_epilogue.o)
                                                  c:/winavr-20100110/bin/../lib/gcc/avr/5.4.0/../../../../avr/lib/avr4\libc.a(strtol.o)
__heap_end                                        c:/winavr-20100110/bin/../lib/gcc/avr/5.4.0/../../../../avr/lib/avr4/crtatmega8515.o
__init                                            c:/winavr-20100110/bin/../lib/gcc/avr/5.4.0/../../../../avr/lib/avr4/crtatmega8515.o
__mulhi_const_10                                  c:/winavr-20100110/bin/../lib/gcc/avr/5.4.0/../../../../avr/lib/avr4\libc.a(mul10.o)
                                                  c:/winavr-20100110/bin/../lib/gcc/avr/5.4.0/../../../../avr/lib/avr4\libc.a(atoi.o)
__mulsi3                                          c:/winavr-20100110/bin/../lib/gcc/avr/5.4.0/avr4\libgcc.a(_mulsi3.o)
                                                  c:/winavr-20100110/bin/../lib/gcc/avr/5.4.0/../../../../avr/lib/avr4\libc.a(strtol.o)
__muluhisi3                                       c:/winavr-20100110/bin/../lib/gcc/avr/5.4.0/avr4\libgcc.a(_muluhisi3.o)
                                                  c:/winavr-20100110/bin/../lib/gcc/avr/5.4.0/avr4\libgcc.a(_mulsi3.o)
__prologue_saves__                                c:/winavr-20100110/bin/../lib/gcc/avr/5.4.0/avr4\libgcc.a(_prologue.o)
                                                  c:/winavr-20100110/bin/../lib/gcc/avr/5.4.0/../../../../avr/lib/avr4\libc.a(strtol.o)
__stack                                           c:/winavr-20100110/bin/../lib/gcc/avr/5.4.0/../../../../avr/lib/avr4/crtatmega8515.o
__udivmodsi4                                      c:/winavr-20100110/bin/../lib/gcc/avr/5.4.0/avr4\libgcc.a(_udivmodsi4.o)
                                                  c:/winavr-20100110/bin/../lib/gcc/avr/5.4.0/../../../../avr/lib/avr4\libc.a(strtol.o)
__umulhisi3                                       c:/winavr-20100110/bin/../lib/gcc/avr/5.4.0/avr4\libgcc.a(_umulhisi3.o)
                                                  c:/winavr-20100110/bin/../lib/gcc/avr/5.4.0/avr4\libgcc.a(_muluhisi3.o)
__vector_1                                        c:/winavr-20100110/bin/../lib/gcc/avr/5.4.0/../../../../avr/lib/avr4/crtatmega8515.o
__vector_10                                       c:/winavr-20100110/bin/../lib/gcc/avr/5.4.0/../../../../avr/lib/avr4/crtatmega8515.o
__vector_11                                       c:/winavr-20100110/bin/../lib/gcc/avr/5.4.0/../../../../avr/lib/avr4/crtatmega8515.o
__vector_12                                       c:/winavr-20100110/bin/../lib/gcc/avr/5.4.0/../../../../avr/lib/avr4/crtatmega8515.o
__vector_13                                       c:/winavr-20100110/bin/../lib/gcc/avr/5.4.0/../../../../avr/lib/avr4/crtatmega8515.o
__vector_14                                       c:/winavr-20100110/bin/../lib/gcc/avr/5.4.0/../../../../avr/lib/avr4/crtatmega8515.o
__vector_15                                       c:/winavr-20100110/bin/../lib/gcc/avr/5.4.0/../../../../avr/lib/avr4/crtatmega8515.o
__vector_16                                       c:/winavr-20100110/bin/../lib/gcc/avr/5.4.0/../../../../avr/lib/avr4/crtatmega8515.o
__vector_2                                        c:/winavr-20100110/bin/../lib/gcc/avr/5.4.0/../../../../avr/lib/avr4/crtatmega8515.o
__vector_3                                        c:/winavr-20100110/bin/../lib/gcc/avr/5.4.0/../../../../avr/lib/avr4/crtatmega8515.o
__vector_4                                        c:/winavr-20100110/bin/../lib/gcc/avr/5.4.0/../../../../avr/lib/avr4/crtatmega8515.o
__vector_5                                        c:/winavr-20100110/bin/../lib/gcc/avr/5.4.0/../../../../avr/lib/avr4/crtatmega8515.o
__vector_6                                        c:/winavr-20100110/bin/../lib/gcc/avr/5.4.0/../../../../avr/lib/avr4/crtatmega8515.o
__vector_7                                        c:/winavr-20100110/bin/../lib/gcc/avr/5.4.0/../../../../avr/lib/avr4/crtatmega8515.o
__vector_8                                        c:/winavr-20100110/bin/../lib/gcc/avr/5.4.0/../../../../avr/lib/avr4/crtatmega8515.o
__vector_9                                        c:/winavr-20100110/bin/../lib/gcc/avr/5.4.0/../../../../avr/lib/avr4/crtatmega8515.o
__vector_default                                  c:/winavr-20100110/bin/../lib/gcc/avr/5.4.0/../../../../avr/lib/avr4/crtatmega8515.o
__vectors                                         c:/winavr-20100110/bin/../lib/gcc/avr/5.4.0/../../../../avr/lib/avr4/crtatmega8515.o
_exit                                             c:/winavr-20100110/bin/../lib/gcc/avr/5.4.0/avr4\libgcc.a(_exit.o)
atoi                                              c:/winavr-20100110/bin/../lib/gcc/avr/5.4.0/../../../../avr/lib/avr4\libc.a(atoi.o)
                                                  main.o
eepromBuffer                                      main.o
errno                                             c:/winavr-20100110/bin/../lib/gcc/avr/5.4.0/../../../../avr/lib/avr4\libc.a(errno.o)
                                                  c:/winavr-20100110/bin/../lib/gcc/avr/5.4.0/../../../../avr/lib/avr4\libc.a(strtol.o)
exit                                              c:/winavr-20100110/bin/../lib/gcc/avr/5.4.0/avr4\libgcc.a(_exit.o)
                                                  c:/winavr-20100110/bin/../lib/gcc/avr/5.4.0/../../../../avr/lib/avr4/crtatmega8515.o
flashBank1CommandWrites                           main.o
flashChipIdBuffer                                 main.o
flashWriteCycle                                   main.o
flashWriteWePin                                   main.o
flash_erase_4k_sector                             main.o
flash_read_chip_id                                main.o
flash_switch_bank                                 main.o
flash_write_bus_cycle                             main.o
flash_write_byte                                  main.o
flash_write_sector                                main.o
gb_flash_read_byte                                main.o
gb_flash_write_bus_cycle                          main.o
gb_flash_write_byte                               main.o
gb_flash_write_byte_bank1_commands                main.o
gb_mode                                           main.o
gba_eeprom_mode                                   main.o
gba_eeprom_read                                   main.o
gba_eeprom_set_address                            main.o
gba_eeprom_write                                  main.o
gba_flash_write_bus_cycle                         main.o
gba_flash_write_byte                              main.o
gba_flash_write_cycle_start                       main.o
gba_flash_write_cycle_start_swapped               main.o
gba_mode                                          main.o
gba_read_16bit_data                               main.o
gba_read_ram_8bit_data                            main.o
gba_set_24bit_address                             main.o
gba_write_ram_8bit_data                           main.o
isspace                                           c:/winavr-20100110/bin/../lib/gcc/avr/5.4.0/../../../../avr/lib/avr4\libc.a(isspace.o)
                                                  c:/winavr-20100110/bin/../lib/gcc/avr/5.4.0/../../../../avr/lib/avr4\libc.a(strtol.o)
lastBankAccessed                                  main.o
main                                              main.o
                                                  c:/winavr-20100110/bin/../lib/gcc/avr/5.4.0/../../../../avr/lib/avr4/crtatmega8515.o
rd_wr_csmreq_cs2_reset                            main.o
read_8bit_data                                    main.o
receivedBuffer                                    main.o
receivedChar                                      main.o
set_16bit_address                                 main.o
setup                                             main.o
strtol                                            c:/winavr-20100110/bin/../lib/gcc/avr/5.4.0/../../../../avr/lib/avr4\libc.a(strtol.o)
                                                  main.o
usart_read_bytes                                  main.o
usart_read_chars                                  main.o
write_8bit_data                                   main.o
