Archive member included to satisfy reference by file (symbol)

c:/winavr-20100110/bin/../lib/gcc/avr/5.4.0/avr4\libgcc.a(_exit.o)
                              c:/winavr-20100110/bin/../lib/gcc/avr/5.4.0/../../../../avr/lib/avr4/crtatmega8515.o (exit)
c:/winavr-20100110/bin/../lib/gcc/avr/5.4.0/avr4\libgcc.a(_copy_data.o)
                              main.o (__do_copy_data)
c:/winavr-20100110/bin/../lib/gcc/avr/5.4.0/avr4\libgcc.a(_clear_bss.o)
                              main.o (__do_clear_bss)
c:/winavr-20100110/bin/../lib/gcc/avr/5.4.0/../../../../avr/lib/avr4\libc.a(strtol.o)
                              main.o (strtol)
c:/winavr-20100110/bin/../lib/gcc/avr/5.4.0/../../../../avr/lib/avr4\libc.a(atoi.o)
                              main.o (atoi)
c:/winavr-20100110/bin/../lib/gcc/avr/5.4.0/../../../../avr/lib/avr4\libc.a(isspace.o)
                              c:/winavr-20100110/bin/../lib/gcc/avr/5.4.0/../../../../avr/lib/avr4\libc.a(strtol.o) (isspace)
c:/winavr-20100110/bin/../lib/gcc/avr/5.4.0/../../../../avr/lib/avr4\libc.a(mul10.o)
                              c:/winavr-20100110/bin/../lib/gcc/avr/5.4.0/../../../../avr/lib/avr4\libc.a(atoi.o) (__mulhi_const_10)
c:/winavr-20100110/bin/../lib/gcc/avr/5.4.0/../../../../avr/lib/avr4\libc.a(errno.o)
                              c:/winavr-20100110/bin/../lib/gcc/avr/5.4.0/../../../../avr/lib/avr4\libc.a(strtol.o) (errno)
c:/winavr-20100110/bin/../lib/gcc/avr/5.4.0/../../../../avr/lib/avr4\libc.a(cty_isfalse.o)
                              c:/winavr-20100110/bin/../lib/gcc/avr/5.4.0/../../../../avr/lib/avr4\libc.a(isspace.o) (__ctype_isfalse)
c:/winavr-20100110/bin/../lib/gcc/avr/5.4.0/avr4\libgcc.a(_mulsi3.o)
                              c:/winavr-20100110/bin/../lib/gcc/avr/5.4.0/../../../../avr/lib/avr4\libc.a(strtol.o) (__mulsi3)
c:/winavr-20100110/bin/../lib/gcc/avr/5.4.0/avr4\libgcc.a(_udivmodsi4.o)
                              c:/winavr-20100110/bin/../lib/gcc/avr/5.4.0/../../../../avr/lib/avr4\libc.a(strtol.o) (__udivmodsi4)
c:/winavr-20100110/bin/../lib/gcc/avr/5.4.0/avr4\libgcc.a(_muluhisi3.o)
                              c:/winavr-20100110/bin/../lib/gcc/avr/5.4.0/avr4\libgcc.a(_mulsi3.o) (__muluhisi3)
c:/winavr-20100110/bin/../lib/gcc/avr/5.4.0/avr4\libgcc.a(_prologue.o)
                              c:/winavr-20100110/bin/../lib/gcc/avr/5.4.0/../../../../avr/lib/avr4\libc.a(strtol.o) (__prologue_saves__)
c:/winavr-20100110/bin/../lib/gcc/avr/5.4.0/avr4\libgcc.a(_epilogue.o)
                              c:/winavr-20100110/bin/../lib/gcc/avr/5.4.0/../../../../avr/lib/avr4\libc.a(strtol.o) (__epilogue_restores__)
c:/winavr-20100110/bin/../lib/gcc/avr/5.4.0/avr4\libgcc.a(_umulhisi3.o)
                              c:/winavr-20100110/bin/../lib/gcc/avr/5.4.0/avr4\libgcc.a(_muluhisi3.o) (__umulhisi3)

Allocating common symbols
Common symbol       size              file

flashWriteCycle     0xc               main.o
errno               0x2               c:/winavr-20100110/bin/../lib/gcc/avr/5.4.0/../../../../avr/lib/avr4\libc.a(errno.o)
receivedBuffer      0x100             main.o
receivedChar        0x1               main.o
flashWriteWePin     0x1               main.o

Memory Configuration

Name             Origin             Length             Attributes
text             0x00000000         0x00002000         xr
data             0x00800060         0x0000ffa0         rw !x
eeprom           0x00810000         0x00010000         rw !x
fuse             0x00820000         0x00000002         rw !x
lock             0x00830000         0x00000400         rw !x
signature        0x00840000         0x00000400         rw !x
user_signatures  0x00850000         0x00000400         rw !x
*default*        0x00000000         0xffffffff

Linker script and memory map

LOAD c:/winavr-20100110/bin/../lib/gcc/avr/5.4.0/../../../../avr/lib/avr4/crtatmega8515.o
LOAD main.o
LOAD c:/winavr-20100110/bin/../lib/gcc/avr/5.4.0/../../../../avr/lib/avr4\libm.a
START GROUP
LOAD c:/winavr-20100110/bin/../lib/gcc/avr/5.4.0/avr4\libgcc.a
LOAD c:/winavr-20100110/bin/../lib/gcc/avr/5.4.0/../../../../avr/lib/avr4\libm.a
LOAD c:/winavr-20100110/bin/../lib/gcc/avr/5.4.0/../../../../avr/lib/avr4\libc.a
LOAD c:/winavr-20100110/bin/../lib/gcc/avr/5.4.0/../../../../avr/lib/avr4\libatmega8515.a
END GROUP
                0x00002000                __TEXT_REGION_LENGTH__ = DEFINED (__TEXT_REGION_LENGTH__)?__TEXT_REGION_LENGTH__:0x2000
                0x0000ffa0                __DATA_REGION_LENGTH__ = DEFINED (__DATA_REGION_LENGTH__)?__DATA_REGION_LENGTH__:0xffa0
                0x00010000                __EEPROM_REGION_LENGTH__ = DEFINED (__EEPROM_REGION_LENGTH__)?__EEPROM_REGION_LENGTH__:0x10000
                [0x00000002]                __FUSE_REGION_LENGTH__ = DEFINED (__FUSE_REGION_LENGTH__)?__FUSE_REGION_LENGTH__:0x400
                0x00000400                __LOCK_REGION_LENGTH__ = DEFINED (__LOCK_REGION_LENGTH__)?__LOCK_REGION_LENGTH__:0x400
                0x00000400                __SIGNATURE_REGION_LENGTH__ = DEFINED (__SIGNATURE_REGION_LENGTH__)?__SIGNATURE_REGION_LENGTH__:0x400
                0x00000400                __USER_SIGNATURE_REGION_LENGTH__ = DEFINED (__USER_SIGNATURE_REGION_LENGTH__)?__USER_SIGNATURE_REGION_LENGTH__:0x400

.hash
 *(.hash)

.dynsym
 *(.dynsym)

.dynstr
 *(.dynstr)

.gnu.version
 *(.gnu.version)

.gnu.version_d
 *(.gnu.version_d)

.gnu.version_r
 *(.gnu.version_r)

.rel.init
 *(.rel.init)

.rela.init
 *(.rela.init)

.rel.text
 *(.rel.text)
 *(.rel.text.*)
 *(.rel.gnu.linkonce.t*)

.rela.text
 *(.rela.text)
 *(.rela.text.*)
 *(.rela.gnu.linkonce.t*)

.rel.fini
 *(.rel.fini)

.rela.fini
 *(.rela.fini)

.rel.rodata
 *(.rel.rodata)
 *(.rel.rodata.*)
 *(.rel.gnu.linkonce.r*)

.rela.rodata
 *(.rela.rodata)
 *(.rela.rodata.*)
 *(.rela.gnu.linkonce.r*)

.rel.data
 *(.rel.data)
 *(.rel.data.*)
 *(.rel.gnu.linkonce.d*)

.rela.data
 *(.rela.data)
 *(.rela.data.*)
 *(.rela.gnu.linkonce.d*)

.rel.ctors
 *(.rel.ctors)

.rela.ctors
 *(.rela.ctors)

.rel.dtors
 *(.rel.dtors)

.rela.dtors
 *(.rela.dtors)

.rel.got
 *(.rel.got)

.rela.got
 *(.rela.got)

.rel.bss
 *(.rel.bss)

.rela.bss
 *(.rela.bss)

.rel.plt
 *(.rel.plt)

.rela.plt
 *(.rela.plt)

.text           0x00000000      0xcbe
 *(.vectors)
 .vectors       0x00000000       0x22 c:/winavr-20100110/bin/../lib/gcc/avr/5.4.0/../../../../avr/lib/avr4/crtatmega8515.o
                0x00000000                __vector_default
                0x00000000                __vectors
 *(.vectors)
 *(.progmem.gcc*)
                0x00000022                . = ALIGN (0x2)
                0x00000022                __trampolines_start = .
 *(.trampolines)
 .trampolines   0x00000022        0x0 linker stubs
 *(.trampolines*)
                0x00000022                __trampolines_end = .
 *libprintf_flt.a:*(.progmem.data)
 *libc.a:*(.progmem.data)
 *(.progmem*)
                0x00000022                . = ALIGN (0x2)
 *(.jumptables)
 *(.jumptables*)
 *(.lowtext)
 *(.lowtext*)
                0x00000022                __ctors_start = .
 *(.ctors)
                0x00000022                __ctors_end = .
                0x00000022                __dtors_start = .
 *(.dtors)
                0x00000022                __dtors_end = .
 SORT(*)(.ctors)
 SORT(*)(.dtors)
 *(.init0)
 .init0         0x00000022        0x0 c:/winavr-20100110/bin/../lib/gcc/avr/5.4.0/../../../../avr/lib/avr4/crtatmega8515.o
                0x00000022                __init
 *(.init0)
 *(.init1)
 *(.init1)
 *(.init2)
 .init2         0x00000022        0xc c:/winavr-20100110/bin/../lib/gcc/avr/5.4.0/../../../../avr/lib/avr4/crtatmega8515.o
 *(.init2)
 *(.init3)
 *(.init3)
 *(.init4)
 .init4         0x0000002e       0x16 c:/winavr-20100110/bin/../lib/gcc/avr/5.4.0/avr4\libgcc.a(_copy_data.o)
                0x0000002e                __do_copy_data
 .init4         0x00000044       0x10 c:/winavr-20100110/bin/../lib/gcc/avr/5.4.0/avr4\libgcc.a(_clear_bss.o)
                0x00000044                __do_clear_bss
 *(.init4)
 *(.init5)
 *(.init5)
 *(.init6)
 *(.init6)
 *(.init7)
 *(.init7)
 *(.init8)
 *(.init8)
 *(.init9)
 .init9         0x00000054        0x4 c:/winavr-20100110/bin/../lib/gcc/avr/5.4.0/../../../../avr/lib/avr4/crtatmega8515.o
 *(.init9)
 *(.text)
 .text          0x00000058        0x2 c:/winavr-20100110/bin/../lib/gcc/avr/5.4.0/../../../../avr/lib/avr4/crtatmega8515.o
                0x00000058                __vector_1
                0x00000058                __vector_12
                0x00000058                __bad_interrupt
                0x00000058                __vector_6
                0x00000058                __vector_3
                0x00000058                __vector_11
                0x00000058                __vector_13
                0x00000058                __vector_7
                0x00000058                __vector_5
                0x00000058                __vector_4
                0x00000058                __vector_9
                0x00000058                __vector_2
                0x00000058                __vector_15
                0x00000058                __vector_8
                0x00000058                __vector_14
                0x00000058                __vector_10
                0x00000058                __vector_16
 .text          0x0000005a      0x264 main.o
                0x0000005a                USART_Receive
                0x00000062                USART_Transmit
                0x0000006a                usart_read_bytes
                0x00000094                usart_read_chars
                0x000000aa                rd_wr_csmreq_cs2_reset
                0x000000b4                gb_mode
                0x000000c4                set_16bit_address
                0x000000ca                read_8bit_data
                0x000000e0                write_8bit_data
                0x0000010e                gb_flash_read_byte
                0x00000124                gb_flash_write_bus_cycle
                0x00000162                gb_flash_write_byte
                0x000001c6                gb_flash_write_byte_bank1_commands
                0x0000025e                setup
 .text          0x000002be        0x0 c:/winavr-20100110/bin/../lib/gcc/avr/5.4.0/avr4\libgcc.a(_exit.o)
 .text          0x000002be        0x0 c:/winavr-20100110/bin/../lib/gcc/avr/5.4.0/avr4\libgcc.a(_copy_data.o)
 .text          0x000002be        0x0 c:/winavr-20100110/bin/../lib/gcc/avr/5.4.0/avr4\libgcc.a(_clear_bss.o)
 .text          0x000002be        0x0 c:/winavr-20100110/bin/../lib/gcc/avr/5.4.0/../../../../avr/lib/avr4\libc.a(strtol.o)
 .text          0x000002be        0x0 c:/winavr-20100110/bin/../lib/gcc/avr/5.4.0/../../../../avr/lib/avr4\libc.a(atoi.o)
 .text          0x000002be        0x0 c:/winavr-20100110/bin/../lib/gcc/avr/5.4.0/../../../../avr/lib/avr4\libc.a(isspace.o)
 .text          0x000002be        0x0 c:/winavr-20100110/bin/../lib/gcc/avr/5.4.0/../../../../avr/lib/avr4\libc.a(mul10.o)
 .text          0x000002be        0x0 c:/winavr-20100110/bin/../lib/gcc/avr/5.4.0/../../../../avr/lib/avr4\libc.a(errno.o)
 .text          0x000002be        0x0 c:/winavr-20100110/bin/../lib/gcc/avr/5.4.0/../../../../avr/lib/avr4\libc.a(cty_isfalse.o)
 .text          0x000002be        0x0 c:/winavr-20100110/bin/../lib/gcc/avr/5.4.0/avr4\libgcc.a(_mulsi3.o)
 .text          0x000002be        0x0 c:/winavr-20100110/bin/../lib/gcc/avr/5.4.0/avr4\libgcc.a(_udivmodsi4.o)
 .text          0x000002be        0x0 c:/winavr-20100110/bin/../lib/gcc/avr/5.4.0/avr4\libgcc.a(_muluhisi3.o)
 .text          0x000002be        0x0 c:/winavr-20100110/bin/../lib/gcc/avr/5.4.0/avr4\libgcc.a(_prologue.o)
 .text          0x000002be        0x0 c:/winavr-20100110/bin/../lib/gcc/avr/5.4.0/avr4\libgcc.a(_epilogue.o)
 .text          0x000002be        0x0 c:/winavr-20100110/bin/../lib/gcc/avr/5.4.0/avr4\libgcc.a(_umulhisi3.o)
                0x000002be                . = ALIGN (0x2)
 *(.text.*)
 .text.startup  0x000002be      0x67e main.o
                0x000002be                main
 .text.libgcc.mul
                0x0000093c        0x0 c:/winavr-20100110/bin/../lib/gcc/avr/5.4.0/avr4\libgcc.a(_exit.o)
 .text.libgcc.div
                0x0000093c        0x0 c:/winavr-20100110/bin/../lib/gcc/avr/5.4.0/avr4\libgcc.a(_exit.o)
 .text.libgcc   0x0000093c        0x0 c:/winavr-20100110/bin/../lib/gcc/avr/5.4.0/avr4\libgcc.a(_exit.o)
 .text.libgcc.prologue
                0x0000093c        0x0 c:/winavr-20100110/bin/../lib/gcc/avr/5.4.0/avr4\libgcc.a(_exit.o)
 .text.libgcc.builtins
                0x0000093c        0x0 c:/winavr-20100110/bin/../lib/gcc/avr/5.4.0/avr4\libgcc.a(_exit.o)
 .text.libgcc.fmul
                0x0000093c        0x0 c:/winavr-20100110/bin/../lib/gcc/avr/5.4.0/avr4\libgcc.a(_exit.o)
 .text.libgcc.fixed
                0x0000093c        0x0 c:/winavr-20100110/bin/../lib/gcc/avr/5.4.0/avr4\libgcc.a(_exit.o)
 .text.libgcc.mul
                0x0000093c        0x0 c:/winavr-20100110/bin/../lib/gcc/avr/5.4.0/avr4\libgcc.a(_copy_data.o)
 .text.libgcc.div
                0x0000093c        0x0 c:/winavr-20100110/bin/../lib/gcc/avr/5.4.0/avr4\libgcc.a(_copy_data.o)
 .text.libgcc   0x0000093c        0x0 c:/winavr-20100110/bin/../lib/gcc/avr/5.4.0/avr4\libgcc.a(_copy_data.o)
 .text.libgcc.prologue
                0x0000093c        0x0 c:/winavr-20100110/bin/../lib/gcc/avr/5.4.0/avr4\libgcc.a(_copy_data.o)
 .text.libgcc.builtins
                0x0000093c        0x0 c:/winavr-20100110/bin/../lib/gcc/avr/5.4.0/avr4\libgcc.a(_copy_data.o)
 .text.libgcc.fmul
                0x0000093c        0x0 c:/winavr-20100110/bin/../lib/gcc/avr/5.4.0/avr4\libgcc.a(_copy_data.o)
 .text.libgcc.fixed
                0x0000093c        0x0 c:/winavr-20100110/bin/../lib/gcc/avr/5.4.0/avr4\libgcc.a(_copy_data.o)
 .text.libgcc.mul
                0x0000093c        0x0 c:/winavr-20100110/bin/../lib/gcc/avr/5.4.0/avr4\libgcc.a(_clear_bss.o)
 .text.libgcc.div
                0x0000093c        0x0 c:/winavr-20100110/bin/../lib/gcc/avr/5.4.0/avr4\libgcc.a(_clear_bss.o)
 .text.libgcc   0x0000093c        0x0 c:/winavr-20100110/bin/../lib/gcc/avr/5.4.0/avr4\libgcc.a(_clear_bss.o)
 .text.libgcc.prologue
                0x0000093c        0x0 c:/winavr-20100110/bin/../lib/gcc/avr/5.4.0/avr4\libgcc.a(_clear_bss.o)
 .text.libgcc.builtins
                0x0000093c        0x0 c:/winavr-20100110/bin/../lib/gcc/avr/5.4.0/avr4\libgcc.a(_clear_bss.o)
 .text.libgcc.fmul
                0x0000093c        0x0 c:/winavr-20100110/bin/../lib/gcc/avr/5.4.0/avr4\libgcc.a(_clear_bss.o)
 .text.libgcc.fixed
                0x0000093c        0x0 c:/winavr-20100110/bin/../lib/gcc/avr/5.4.0/avr4\libgcc.a(_clear_bss.o)
 .text.avr-libc
                0x0000093c      0x222 c:/winavr-20100110/bin/../lib/gcc/avr/5.4.0/../../../../avr/lib/avr4\libc.a(strtol.o)
                0x0000093c                strtol
 .text.avr-libc
                0x00000b5e       0x3a c:/winavr-20100110/bin/../lib/gcc/avr/5.4.0/../../../../avr/lib/avr4\libc.a(atoi.o)
                0x00000b5e                atoi
 .text.avr-libc
                0x00000b98       0x10 c:/winavr-20100110/bin/../lib/gcc/avr/5.4.0/../../../../avr/lib/avr4\libc.a(isspace.o)
                0x00000b98                isspace
 .text.avr-libc
                0x00000ba8       0x10 c:/winavr-20100110/bin/../lib/gcc/avr/5.4.0/../../../../avr/lib/avr4\libc.a(mul10.o)
                0x00000ba8                __mulhi_const_10
 .text.avr-libc
                0x00000bb8        0x6 c:/winavr-20100110/bin/../lib/gcc/avr/5.4.0/../../../../avr/lib/avr4\libc.a(cty_isfalse.o)
                0x00000bb8                __ctype_isfalse
                0x00000bbc                __ctype_istrue
 .text.libgcc.mul
                0x00000bbe       0x1e c:/winavr-20100110/bin/../lib/gcc/avr/5.4.0/avr4\libgcc.a(_mulsi3.o)
                0x00000bbe                __mulsi3
 .text.libgcc.div
                0x00000bdc        0x0 c:/winavr-20100110/bin/../lib/gcc/avr/5.4.0/avr4\libgcc.a(_mulsi3.o)
 .text.libgcc   0x00000bdc        0x0 c:/winavr-20100110/bin/../lib/gcc/avr/5.4.0/avr4\libgcc.a(_mulsi3.o)
 .text.libgcc.prologue
                0x00000bdc        0x0 c:/winavr-20100110/bin/../lib/gcc/avr/5.4.0/avr4\libgcc.a(_mulsi3.o)
 .text.libgcc.builtins
                0x00000bdc        0x0 c:/winavr-20100110/bin/../lib/gcc/avr/5.4.0/avr4\libgcc.a(_mulsi3.o)
 .text.libgcc.fmul
                0x00000bdc        0x0 c:/winavr-20100110/bin/../lib/gcc/avr/5.4.0/avr4\libgcc.a(_mulsi3.o)
 .text.libgcc.fixed
                0x00000bdc        0x0 c:/winavr-20100110/bin/../lib/gcc/avr/5.4.0/avr4\libgcc.a(_mulsi3.o)
 .text.libgcc.mul
                0x00000bdc        0x0 c:/winavr-20100110/bin/../lib/gcc/avr/5.4.0/avr4\libgcc.a(_udivmodsi4.o)
 .text.libgcc.div
                0x00000bdc       0x44 c:/winavr-20100110/bin/../lib/gcc/avr/5.4.0/avr4\libgcc.a(_udivmodsi4.o)
                0x00000bdc                __udivmodsi4
 .text.libgcc   0x00000c20        0x0 c:/winavr-20100110/bin/../lib/gcc/avr/5.4.0/avr4\libgcc.a(_udivmodsi4.o)
 .text.libgcc.prologue
                0x00000c20        0x0 c:/winavr-20100110/bin/../lib/gcc/avr/5.4.0/avr4\libgcc.a(_udivmodsi4.o)
 .text.libgcc.builtins
                0x00000c20        0x0 c:/winavr-20100110/bin/../lib/gcc/avr/5.4.0/avr4\libgcc.a(_udivmodsi4.o)
 .text.libgcc.fmul
                0x00000c20        0x0 c:/winavr-20100110/bin/../lib/gcc/avr/5.4.0/avr4\libgcc.a(_udivmodsi4.o)
 .text.libgcc.fixed
                0x00000c20        0x0 c:/winavr-20100110/bin/../lib/gcc/avr/5.4.0/avr4\libgcc.a(_udivmodsi4.o)
 .text.libgcc.mul
                0x00000c20       0x14 c:/winavr-20100110/bin/../lib/gcc/avr/5.4.0/avr4\libgcc.a(_muluhisi3.o)
                0x00000c20                __muluhisi3
 .text.libgcc.div
                0x00000c34        0x0 c:/winavr-20100110/bin/../lib/gcc/avr/5.4.0/avr4\libgcc.a(_muluhisi3.o)
 .text.libgcc   0x00000c34        0x0 c:/winavr-20100110/bin/../lib/gcc/avr/5.4.0/avr4\libgcc.a(_muluhisi3.o)
 .text.libgcc.prologue
                0x00000c34        0x0 c:/winavr-20100110/bin/../lib/gcc/avr/5.4.0/avr4\libgcc.a(_muluhisi3.o)
 .text.libgcc.builtins
                0x00000c34        0x0 c:/winavr-20100110/bin/../lib/gcc/avr/5.4.0/avr4\libgcc.a(_muluhisi3.o)
 .text.libgcc.fmul
                0x00000c34        0x0 c:/winavr-20100110/bin/../lib/gcc/avr/5.4.0/avr4\libgcc.a(_muluhisi3.o)
 .text.libgcc.fixed
                0x00000c34        0x0 c:/winavr-20100110/bin/../lib/gcc/avr/5.4.0/avr4\libgcc.a(_muluhisi3.o)
 .text.libgcc.mul
                0x00000c34        0x0 c:/winavr-20100110/bin/../lib/gcc/avr/5.4.0/avr4\libgcc.a(_prologue.o)
 .text.libgcc.div
                0x00000c34        0x0 c:/winavr-20100110/bin/../lib/gcc/avr/5.4.0/avr4\libgcc.a(_prologue.o)
 .text.libgcc   0x00000c34        0x0 c:/winavr-20100110/bin/../lib/gcc/avr/5.4.0/avr4\libgcc.a(_prologue.o)
 .text.libgcc.prologue
                0x00000c34       0x38 c:/winavr-20100110/bin/../lib/gcc/avr/5.4.0/avr4\libgcc.a(_prologue.o)
                0x00000c34                __prologue_saves__
 .text.libgcc.builtins
                0x00000c6c        0x0 c:/winavr-20100110/bin/../lib/gcc/avr/5.4.0/avr4\libgcc.a(_prologue.o)
 .text.libgcc.fmul
                0x00000c6c        0x0 c:/winavr-20100110/bin/../lib/gcc/avr/5.4.0/avr4\libgcc.a(_prologue.o)
 .text.libgcc.fixed
                0x00000c6c        0x0 c:/winavr-20100110/bin/../lib/gcc/avr/5.4.0/avr4\libgcc.a(_prologue.o)
 .text.libgcc.mul
                0x00000c6c        0x0 c:/winavr-20100110/bin/../lib/gcc/avr/5.4.0/avr4\libgcc.a(_epilogue.o)
 .text.libgcc.div
                0x00000c6c        0x0 c:/winavr-20100110/bin/../lib/gcc/avr/5.4.0/avr4\libgcc.a(_epilogue.o)
 .text.libgcc   0x00000c6c        0x0 c:/winavr-20100110/bin/../lib/gcc/avr/5.4.0/avr4\libgcc.a(_epilogue.o)
 .text.libgcc.prologue
                0x00000c6c       0x36 c:/winavr-20100110/bin/../lib/gcc/avr/5.4.0/avr4\libgcc.a(_epilogue.o)
                0x00000c6c                __epilogue_restores__
 .text.libgcc.builtins
                0x00000ca2        0x0 c:/winavr-20100110/bin/../lib/gcc/avr/5.4.0/avr4\libgcc.a(_epilogue.o)
 .text.libgcc.fmul
                0x00000ca2        0x0 c:/winavr-20100110/bin/../lib/gcc/avr/5.4.0/avr4\libgcc.a(_epilogue.o)
 .text.libgcc.fixed
                0x00000ca2        0x0 c:/winavr-20100110/bin/../lib/gcc/avr/5.4.0/avr4\libgcc.a(_epilogue.o)
 .text.libgcc.mul
                0x00000ca2       0x18 c:/winavr-20100110/bin/../lib/gcc/avr/5.4.0/avr4\libgcc.a(_umulhisi3.o)
                0x00000ca2                __umulhisi3
 .text.libgcc.div
                0x00000cba        0x0 c:/winavr-20100110/bin/../lib/gcc/avr/5.4.0/avr4\libgcc.a(_umulhisi3.o)
 .text.libgcc   0x00000cba        0x0 c:/winavr-20100110/bin/../lib/gcc/avr/5.4.0/avr4\libgcc.a(_umulhisi3.o)
 .text.libgcc.prologue
                0x00000cba        0x0 c:/winavr-20100110/bin/../lib/gcc/avr/5.4.0/avr4\libgcc.a(_umulhisi3.o)
 .text.libgcc.builtins
                0x00000cba        0x0 c:/winavr-20100110/bin/../lib/gcc/avr/5.4.0/avr4\libgcc.a(_umulhisi3.o)
 .text.libgcc.fmul
                0x00000cba        0x0 c:/winavr-20100110/bin/../lib/gcc/avr/5.4.0/avr4\libgcc.a(_umulhisi3.o)
 .text.libgcc.fixed
                0x00000cba        0x0 c:/winavr-20100110/bin/../lib/gcc/avr/5.4.0/avr4\libgcc.a(_umulhisi3.o)
                0x00000cba                . = ALIGN (0x2)
 *(.fini9)
 .fini9         0x00000cba        0x0 c:/winavr-20100110/bin/../lib/gcc/avr/5.4.0/avr4\libgcc.a(_exit.o)
                0x00000cba                _exit
                0x00000cba                exit
 *(.fini9)
 *(.fini8)
 *(.fini8)
 *(.fini7)
 *(.fini7)
 *(.fini6)
 *(.fini6)
 *(.fini5)
 *(.fini5)
 *(.fini4)
 *(.fini4)
 *(.fini3)
 *(.fini3)
 *(.fini2)
 *(.fini2)
 *(.fini1)
 *(.fini1)
 *(.fini0)
 .fini0         0x00000cba        0x4 c:/winavr-20100110/bin/../lib/gcc/avr/5.4.0/avr4\libgcc.a(_exit.o)
 *(.fini0)
                0x00000cbe                _etext = .

.data           0x00800060        0x2 load address 0x00000cbe
                0x00800060                PROVIDE (__data_start, .)
 *(.data)
 .data          0x00800060        0x0 c:/winavr-20100110/bin/../lib/gcc/avr/5.4.0/../../../../avr/lib/avr4/crtatmega8515.o
 .data          0x00800060        0x1 main.o
                0x00800060                cartMode
 .data          0x00800061        0x0 c:/winavr-20100110/bin/../lib/gcc/avr/5.4.0/avr4\libgcc.a(_exit.o)
 .data          0x00800061        0x0 c:/winavr-20100110/bin/../lib/gcc/avr/5.4.0/avr4\libgcc.a(_copy_data.o)
 .data          0x00800061        0x0 c:/winavr-20100110/bin/../lib/gcc/avr/5.4.0/avr4\libgcc.a(_clear_bss.o)
 .data          0x00800061        0x0 c:/winavr-20100110/bin/../lib/gcc/avr/5.4.0/../../../../avr/lib/avr4\libc.a(strtol.o)
 .data          0x00800061        0x0 c:/winavr-20100110/bin/../lib/gcc/avr/5.4.0/../../../../avr/lib/avr4\libc.a(atoi.o)
 .data          0x00800061        0x0 c:/winavr-20100110/bin/../lib/gcc/avr/5.4.0/../../../../avr/lib/avr4\libc.a(isspace.o)
 .data          0x00800061        0x0 c:/winavr-20100110/bin/../lib/gcc/avr/5.4.0/../../../../avr/lib/avr4\libc.a(mul10.o)
 .data          0x00800061        0x0 c:/winavr-20100110/bin/../lib/gcc/avr/5.4.0/../../../../avr/lib/avr4\libc.a(errno.o)
 .data          0x00800061        0x0 c:/winavr-20100110/bin/../lib/gcc/avr/5.4.0/../../../../avr/lib/avr4\libc.a(cty_isfalse.o)
 .data          0x00800061        0x0 c:/winavr-20100110/bin/../lib/gcc/avr/5.4.0/avr4\libgcc.a(_mulsi3.o)
 .data          0x00800061        0x0 c:/winavr-20100110/bin/../lib/gcc/avr/5.4.0/avr4\libgcc.a(_udivmodsi4.o)
 .data          0x00800061        0x0 c:/winavr-20100110/bin/../lib/gcc/avr/5.4.0/avr4\libgcc.a(_muluhisi3.o)
 .data          0x00800061        0x0 c:/winavr-20100110/bin/../lib/gcc/avr/5.4.0/avr4\libgcc.a(_prologue.o)
 .data          0x00800061        0x0 c:/winavr-20100110/bin/../lib/gcc/avr/5.4.0/avr4\libgcc.a(_epilogue.o)
 .data          0x00800061        0x0 c:/winavr-20100110/bin/../lib/gcc/avr/5.4.0/avr4\libgcc.a(_umulhisi3.o)
 *(.data*)
 *(.gnu.linkonce.d*)
 *(.rodata)
 *(.rodata*)
 *(.gnu.linkonce.r*)
                0x00800062                . = ALIGN (0x2)
 *fill*         0x00800061        0x1 
                0x00800062                _edata = .
                0x00800062                PROVIDE (__data_end, .)

.bss            0x00800062      0x112
                0x00800062                PROVIDE (__bss_start, .)
 *(.bss)
 .bss           0x00800062        0x0 c:/winavr-20100110/bin/../lib/gcc/avr/5.4.0/../../../../avr/lib/avr4/crtatmega8515.o
 .bss           0x00800062        0x2 main.o
                0x00800062                lastBankAccessed
                0x00800063                flashBank1CommandWrites
 .bss           0x00800064        0x0 c:/winavr-20100110/bin/../lib/gcc/avr/5.4.0/avr4\libgcc.a(_exit.o)
 .bss           0x00800064        0x0 c:/winavr-20100110/bin/../lib/gcc/avr/5.4.0/avr4\libgcc.a(_copy_data.o)
 .bss           0x00800064        0x0 c:/winavr-20100110/bin/../lib/gcc/avr/5.4.0/avr4\libgcc.a(_clear_bss.o)
 .bss           0x00800064        0x0 c:/winavr-20100110/bin/../lib/gcc/avr/5.4.0/../../../../avr/lib/avr4\libc.a(strtol.o)
 .bss           0x00800064        0x0 c:/winavr-20100110/bin/../lib/gcc/avr/5.4.0/../../../../avr/lib/avr4\libc.a(atoi.o)
 .bss           0x00800064        0x0 c:/winavr-20100110/bin/../lib/gcc/avr/5.4.0/../../../../avr/lib/avr4\libc.a(isspace.o)
 .bss           0x00800064        0x0 c:/winavr-20100110/bin/../lib/gcc/avr/5.4.0/../../../../avr/lib/avr4\libc.a(mul10.o)
 .bss           0x00800064        0x0 c:/winavr-20100110/bin/../lib/gcc/avr/5.4.0/../../../../avr/lib/avr4\libc.a(errno.o)
 .bss           0x00800064        0x0 c:/winavr-20100110/bin/../lib/gcc/avr/5.4.0/../../../../avr/lib/avr4\libc.a(cty_isfalse.o)
 .bss           0x00800064        0x0 c:/winavr-20100110/bin/../lib/gcc/avr/5.4.0/avr4\libgcc.a(_mulsi3.o)
 .bss           0x00800064        0x0 c:/winavr-20100110/bin/../lib/gcc/avr/5.4.0/avr4\libgcc.a(_udivmodsi4.o)
 .bss           0x00800064        0x0 c:/winavr-20100110/bin/../lib/gcc/avr/5.4.0/avr4\libgcc.a(_muluhisi3.o)
 .bss           0x00800064        0x0 c:/winavr-20100110/bin/../lib/gcc/avr/5.4.0/avr4\libgcc.a(_prologue.o)
 .bss           0x00800064        0x0 c:/winavr-20100110/bin/../lib/gcc/avr/5.4.0/avr4\libgcc.a(_epilogue.o)
 .bss           0x00800064        0x0 c:/winavr-20100110/bin/../lib/gcc/avr/5.4.0/avr4\libgcc.a(_umulhisi3.o)
 *(.bss*)
 *(COMMON)
 COMMON         0x00800064      0x10e main.o
                0x00800064                flashWriteCycle
                0x00800070                receivedBuffer
                0x00800170                receivedChar
                0x00800171                flashWriteWePin
 COMMON         0x00800172        0x2 c:/winavr-20100110/bin/../lib/gcc/avr/5.4.0/../../../../avr/lib/avr4\libc.a(errno.o)
                0x00800172                errno
                0x00800174                PROVIDE (__bss_end, .)
                0x00000cbe                __data_load_start = LOADADDR (.data)
                0x00000cc0                __data_load_end = (__data_load_start + SIZEOF (.data))

.noinit         0x00800174        0x0
                [!provide]                PROVIDE (__noinit_start, .)
 *(.noinit*)
                [!provide]                PROVIDE (__noinit_end, .)
                0x00800174                _end = .
                [!provide]                PROVIDE (__heap_start, .)

.eeprom         0x00810000        0x0
 *(.eeprom*)
                0x00810000                __eeprom_end = .

.fuse
 *(.fuse)
 *(.lfuse)
 *(.hfuse)
 *(.efuse)

.lock
 *(.lock*)

.signature
 *(.signature*)

.user_signatures
 *(.user_signatures*)

.stab
 *(.stab)

.stabstr
 *(.stabstr)

.stab.excl
 *(.stab.excl)

.stab.exclstr
 *(.stab.exclstr)

.stab.index
 *(.stab.index)

.stab.indexstr
 *(.stab.indexstr)

.comment        0x00000000       0x5c
 *(.comment)
 .comment       0x00000000       0x30 main.o
                                 0x31 (size before relaxing)
 .comment       0x00000030       0x31 c:/winavr-20100110/bin/../lib/gcc/avr/5.4.0/../../../../avr/lib/avr4\libc.a(strtol.o)
 .comment       0x00000030       0x2c c:/winavr-20100110/bin/../lib/gcc/avr/5.4.0/../../../../avr/lib/avr4\libc.a(errno.o)
                                 0x2d (size before relaxing)

.note.gnu.avr.deviceinfo
                0x00000000       0x40
 .note.gnu.avr.deviceinfo
                0x00000000       0x40 c:/winavr-20100110/bin/../lib/gcc/avr/5.4.0/../../../../avr/lib/avr4/crtatmega8515.o

.note.gnu.build-id
 *(.note.gnu.build-id)

.debug
 *(.debug)

.line
 *(.line)

.debug_srcinfo
 *(.debug_srcinfo)

.debug_sfnames
 *(.debug_sfnames)

.debug_aranges  0x00000000       0x28
 *(.debug_aranges)
 .debug_aranges
                0x00000000       0x28 main.o

.debug_pubnames
 *(.debug_pubnames)

.debug_info     0x00000000     0x1b62
 *(.debug_info .gnu.linkonce.wi.*)
 .debug_info    0x00000000      0x3ea c:/winavr-20100110/bin/../lib/gcc/avr/5.4.0/../../../../avr/lib/avr4/crtatmega8515.o
 .debug_info    0x000003ea     0x1778 main.o

.debug_abbrev   0x00000000      0x6b7
 *(.debug_abbrev)
 .debug_abbrev  0x00000000      0x3b5 c:/winavr-20100110/bin/../lib/gcc/avr/5.4.0/../../../../avr/lib/avr4/crtatmega8515.o
 .debug_abbrev  0x000003b5      0x302 main.o

.debug_line     0x00000000      0xb3b
 *(.debug_line .debug_line.* .debug_line_end)
 .debug_line    0x00000000       0x1a c:/winavr-20100110/bin/../lib/gcc/avr/5.4.0/../../../../avr/lib/avr4/crtatmega8515.o
 .debug_line    0x0000001a      0xb21 main.o

.debug_frame    0x00000000      0x170
 *(.debug_frame)
 .debug_frame   0x00000000      0x170 main.o

.debug_str      0x00000000      0x4a0
 *(.debug_str)
 .debug_str     0x00000000      0x149 c:/winavr-20100110/bin/../lib/gcc/avr/5.4.0/../../../../avr/lib/avr4/crtatmega8515.o
 .debug_str     0x00000149      0x357 main.o
                                0x3b1 (size before relaxing)

.debug_loc      0x00000000     0x109f
 *(.debug_loc)
 .debug_loc     0x00000000     0x109f main.o

.debug_macinfo
 *(.debug_macinfo)

.debug_weaknames
 *(.debug_weaknames)

.debug_funcnames
 *(.debug_funcnames)

.debug_typenames
 *(.debug_typenames)

.debug_varnames
 *(.debug_varnames)

.debug_pubtypes
 *(.debug_pubtypes)

.debug_ranges   0x00000000       0x60
 *(.debug_ranges)
 .debug_ranges  0x00000000       0x60 main.o

.debug_macro
 *(.debug_macro)
OUTPUT(main.elf elf32-avr)
LOAD linker stubs

Cross Reference Table

Symbol                                            File
USART_Receive                                     main.o
USART_Transmit                                    main.o
__FUSE_REGION_LENGTH__                            c:/winavr-20100110/bin/../lib/gcc/avr/5.4.0/../../../../avr/lib/avr4/crtatmega8515.o
__bad_interrupt                                   c:/winavr-20100110/bin/../lib/gcc/avr/5.4.0/../../../../avr/lib/avr4/crtatmega8515.o
__bss_end                                         c:/winavr-20100110/bin/../lib/gcc/avr/5.4.0/avr4\libgcc.a(_clear_bss.o)
__bss_start                                       c:/winavr-20100110/bin/../lib/gcc/avr/5.4.0/avr4\libgcc.a(_clear_bss.o)
__ctype_isfalse                                   c:/winavr-20100110/bin/../lib/gcc/avr/5.4.0/../../../../avr/lib/avr4\libc.a(cty_isfalse.o)
                                                  c:/winavr-20100110/bin/../lib/gcc/avr/5.4.0/../../../../avr/lib/avr4\libc.a(isspace.o)
__ctype_istrue                                    c:/winavr-20100110/bin/../lib/gcc/avr/5.4.0/../../../../avr/lib/avr4\libc.a(cty_isfalse.o)
__data_end                                        c:/winavr-20100110/bin/../lib/gcc/avr/5.4.0/avr4\libgcc.a(_copy_data.o)
__data_load_start                                 c:/winavr-20100110/bin/../lib/gcc/avr/5.4.0/avr4\libgcc.a(_copy_data.o)
__data_start                                      c:/winavr-20100110/bin/../lib/gcc/avr/5.4.0/avr4\libgcc.a(_copy_data.o)
__do_clear_bss                                    c:/winavr-20100110/bin/../lib/gcc/avr/5.4.0/avr4\libgcc.a(_clear_bss.o)
                                                  c:/winavr-20100110/bin/../lib/gcc/avr/5.4.0/../../../../avr/lib/avr4\libc.a(errno.o)
                                                  main.o
__do_copy_data                                    c:/winavr-20100110/bin/../lib/gcc/avr/5.4.0/avr4\libgcc.a(_copy_data.o)
                                                  main.o
__epilogue_restores__                             c:/winavr-20100110/bin/../lib/gcc/avr/5.4.0/avr4\libgcc.a(_epilogue.o)
                                                  c:/winavr-20100110/bin/../lib/gcc/avr/5.4.0/../../../../avr/lib/avr4\libc.a(strtol.o)
__heap_end                                        c:/winavr-20100110/bin/../lib/gcc/avr/5.4.0/../../../../avr/lib/avr4/crtatmega8515.o
__init                                            c:/winavr-20100110/bin/../lib/gcc/avr/5.4.0/../../../../avr/lib/avr4/crtatmega8515.o
__mulhi_const_10                                  c:/winavr-20100110/bin/../lib/gcc/avr/5.4.0/../../../../avr/lib/avr4\libc.a(mul10.o)
                                                  c:/winavr-20100110/bin/../lib/gcc/avr/5.4.0/../../../../avr/lib/avr4\libc.a(atoi.o)
__mulsi3                                          c:/winavr-20100110/bin/../lib/gcc/avr/5.4.0/avr4\libgcc.a(_mulsi3.o)
                                                  c:/winavr-20100110/bin/../lib/gcc/avr/5.4.0/../../../../avr/lib/avr4\libc.a(strtol.o)
__muluhisi3                                       c:/winavr-20100110/bin/../lib/gcc/avr/5.4.0/avr4\libgcc.a(_muluhisi3.o)
                                                  c:/winavr-20100110/bin/../lib/gcc/avr/5.4.0/avr4\libgcc.a(_mulsi3.o)
__prologue_saves__                                c:/winavr-20100110/bin/../lib/gcc/avr/5.4.0/avr4\libgcc.a(_prologue.o)
                                                  c:/winavr-20100110/bin/../lib/gcc/avr/5.4.0/../../../../avr/lib/avr4\libc.a(strtol.o)
__stack                                           c:/winavr-20100110/bin/../lib/gcc/avr/5.4.0/../../../../avr/lib/avr4/crtatmega8515.o
__udivmodsi4                                      c:/winavr-20100110/bin/../lib/gcc/avr/5.4.0/avr4\libgcc.a(_udivmodsi4.o)
                                                  c:/winavr-20100110/bin/../lib/gcc/avr/5.4.0/../../../../avr/lib/avr4\libc.a(strtol.o)
__umulhisi3                                       c:/winavr-20100110/bin/../lib/gcc/avr/5.4.0/avr4\libgcc.a(_umulhisi3.o)
                                                  c:/winavr-20100110/bin/../lib/gcc/avr/5.4.0/avr4\libgcc.a(_muluhisi3.o)
__vector_1                                        c:/winavr-20100110/bin/../lib/gcc/avr/5.4.0/../../../../avr/lib/avr4/crtatmega8515.o
__vector_10                                       c:/winavr-20100110/bin/../lib/gcc/avr/5.4.0/../../../../avr/lib/avr4/crtatmega8515.o
__vector_11                                       c:/winavr-20100110/bin/../lib/gcc/avr/5.4.0/../../../../avr/lib/avr4/crtatmega8515.o
__vector_12                                       c:/winavr-20100110/bin/../lib/gcc/avr/5.4.0/../../../../avr/lib/avr4/crtatmega8515.o
__vector_13                                       c:/winavr-20100110/bin/../lib/gcc/avr/5.4.0/../../../../avr/lib/avr4/crtatmega8515.o
__vector_14                                       c:/winavr-20100110/bin/../lib/gcc/avr/5.4.0/../../../../avr/lib/avr4/crtatmega8515.o
__vector_15                                       c:/winavr-20100110/bin/../lib/gcc/avr/5.4.0/../../../../avr/lib/avr4/crtatmega8515.o
__vector_16                                       c:/winavr-20100110/bin/../lib/gcc/avr/5.4.0/../../../../avr/lib/avr4/crtatmega8515.o
__vector_2                                        c:/winavr-20100110/bin/../lib/gcc/avr/5.4.0/../../../../avr/lib/avr4/crtatmega8515.o
__vector_3                                        c:/winavr-20100110/bin/../lib/gcc/avr/5.4.0/../../../../avr/lib/avr4/crtatmega8515.o
__vector_4                                        c:/winavr-20100110/bin/../lib/gcc/avr/5.4.0/../../../../avr/lib/avr4/crtatmega8515.o
__vector_5                                        c:/winavr-20100110/bin/../lib/gcc/avr/5.4.0/../../../../avr/lib/avr4/crtatmega8515.o
__vector_6                                        c:/winavr-20100110/bin/../lib/gcc/avr/5.4.0/../../../../avr/lib/avr4/crtatmega8515.o
__vector_7                                        c:/winavr-20100110/bin/../lib/gcc/avr/5.4.0/../../../../avr/lib/avr4/crtatmega8515.o
__vector_8                                        c:/winavr-20100110/bin/../lib/gcc/avr/5.4.0/../../../../avr/lib/avr4/crtatmega8515.o
__vector_9                                        c:/winavr-20100110/bin/../lib/gcc/avr/5.4.0/../../../../avr/lib/avr4/crtatmega8515.o
__vector_default                                  c:/winavr-20100110/bin/../lib/gcc/avr/5.4.0/../../../../avr/lib/avr4/crtatmega8515.o
__vectors                                         c:/winavr-20100110/bin/../lib/gcc/avr/5.4.0/../../../../avr/lib/avr4/crtatmega8515.o
_exit                                             c:/winavr-20100110/bin/../lib/gcc/avr/5.4.0/avr4\libgcc.a(_exit.o)
atoi                                              c:/winavr-20100110/bin/../lib/gcc/avr/5.4.0/../../../../avr/lib/avr4\libc.a(atoi.o)
                                                  main.o
cartMode                                          main.o
errno                                             c:/winavr-20100110/bin/../lib/gcc/avr/5.4.0/../../../../avr/lib/avr4\libc.a(errno.o)
                                                  c:/winavr-20100110/bin/../lib/gcc/avr/5.4.0/../../../../avr/lib/avr4\libc.a(strtol.o)
exit                                              c:/winavr-20100110/bin/../lib/gcc/avr/5.4.0/avr4\libgcc.a(_exit.o)
                                                  c:/winavr-20100110/bin/../lib/gcc/avr/5.4.0/../../../../avr/lib/avr4/crtatmega8515.o
flashBank1CommandWrites                           main.o
flashWriteCycle                                   main.o
flashWriteWePin                                   main.o
gb_flash_read_byte                                main.o
gb_flash_write_bus_cycle                          main.o
gb_flash_write_byte                               main.o
gb_flash_write_byte_bank1_commands                main.o
gb_mode                                           main.o
isspace                                           c:/winavr-20100110/bin/../lib/gcc/avr/5.4.0/../../../../avr/lib/avr4\libc.a(isspace.o)
                                                  c:/winavr-20100110/bin/../lib/gcc/avr/5.4.0/../../../../avr/lib/avr4\libc.a(strtol.o)
lastBankAccessed                                  main.o
main                                              main.o
                                                  c:/winavr-20100110/bin/../lib/gcc/avr/5.4.0/../../../../avr/lib/avr4/crtatmega8515.o
rd_wr_csmreq_cs2_reset                            main.o
read_8bit_data                                    main.o
receivedBuffer                                    main.o
receivedChar                                      main.o
set_16bit_address                                 main.o
setup                                             main.o
strtol                                            c:/winavr-20100110/bin/../lib/gcc/avr/5.4.0/../../../../avr/lib/avr4\libc.a(strtol.o)
                                                  main.o
usart_read_bytes                                  main.o
usart_read_chars                                  main.o
write_8bit_data                                   main.o
